
> go-mobility-app@0.1.0 build
> vite build

[36mvite v5.4.21 [32mbuilding for production...[36m[39m
transforming...
node.exe : 
At line:1 char:1
+ & "C:\Program Files
\nodejs/node.exe" 
"C:\Program 
Files\nodejs/node_mo 
...
+ ~~~~~~~~~~~~~~~~~~~
~~~~~~~~~~~~~~~~~~~~~
~~~~~~~~~~~~~~~~~~~~~
~~~~~~~~
    + CategoryInfo   
           : NotSpe  
  cified: (:String   
 ) [], RemoteExce    
ption
    + FullyQualified 
   ErrorId : Native  
  CommandError
 
[1m[33mwarn[39m[2
2m - The class 
`duration-[3s]` is 
ambiguous and 
matches multiple 
utilities.
[1m[33mwarn[39m[2
2m - If this is 
content and not a 
class, replace it 
with `duration-&lsqb;
3s&rsqb;` to silence 
this warning.
[31mx[39m Build 
failed in 1.46s
[31merror during 
build:
[31mCould not 
resolve "./Components
/UserNotRegisteredErr
or" from 
"App.jsx"[31m
file: [36mC:/Users/r
10pa/OneDrive/Documen
tos/Go 
Codes/App.jsx[31m
    at 
getRollupError (file:
///C:/Users/r10pa/One
Drive/Documentos/Go%2
0Codes/node_modules/r
ollup/dist/es/shared/
parseAst.js:401:41)
    at error (file://
/C:/Users/r10pa/OneDr
ive/Documentos/Go%20C
odes/node_modules/rol
lup/dist/es/shared/pa
rseAst.js:397:42)
    at ModuleLoader.h
andleInvalidResolvedI
d (file:///C:/Users/r
10pa/OneDrive/Documen
tos/Go%20Codes/node_m
odules/rollup/dist/es
/shared/node-entry.js
:21633:24)
    at file:///C:/Use
rs/r10pa/OneDrive/Doc
umentos/Go%20Codes/no
de_modules/rollup/dis
t/es/shared/node-entr
y.js:21593:26[39m
Assertion failed: 
!(handle->flags & 
UV_HANDLE_CLOSING), 
file 
src\win\async.c, 
line 76
[32mÔ£ô[39m 11 modules transformed.
