
> Configure project :app
WARNING: Using flatDir should be avoided because it doesn't support any meta-data formats.

> Configure project :capacitor-cordova-android-plugins
WARNING: Using flatDir should be avoided because it doesn't support any meta-data formats.
./gradlew : 
At line:1 char:65
+ ... les\Android\Android Studio\jbr'; 
./gradlew assembleDebug 2>&1 | Out-F ...
+                                      
~~~~~~~~~~~~~~~~~~~~~~~~~~~~
    + CategoryInfo          : NotSpecified 
   : (:String) [], RemoteException
    + FullyQualifiedErrorId : NativeComman 
   dError
 
FAILURE: Build failed with an exception.

* What went wrong:
Could not determine the dependencies of 
task ':app:compileDebugJavaWithJavac'.
> SDK location not found. Define a valid 
SDK location with an ANDROID_HOME 
environment variable or by setting the 
sdk.dir path in your project's local 
properties file at 
'C:\Users\r10pa\OneDrive\Documentos\Go 
Codes\android\local.properties'.

* Try:
> Run with --stacktrace option to get the 
stack trace.
> Run with --info or --debug option to get 
more log output.
> Run with --scan to get full insights.
> Get more help at https://help.gradle.org.

BUILD FAILED in 6s
